[    0.000000] Initializing cgroup subsys cpuset
[    0.000000] Initializing cgroup subsys cpu
[    0.000000] Initializing cgroup subsys cpuacct
[    0.000000] Linux version 4.4.0-146-generic (buildd@lcy01-amd64-025) (gcc version 5.4.0 20160609 (Ubuntu 5.4.0-6ubuntu1~16.04.10) ) #172-Ubuntu SMP Wed Apr 3 09:00:08 UTC 2019 (Ubuntu 4.4.0-146.172-generic 4.4.177)
[    0.000000] Command line: BOOT_IMAGE=/boot/vmlinuz-4.4.0-146-generic root=LABEL=cloudimg-rootfs ro console=tty1 console=ttyS0
[    0.000000] KERNEL supported cpus:
[    0.000000]   Intel GenuineIntel
[    0.000000]   AMD AuthenticAMD
[    0.000000]   Centaur CentaurHauls
[    0.000000] x86/fpu: xstate_offset[2]:  576, xstate_sizes[2]:  256
[    0.000000] x86/fpu: Supporting XSAVE feature 0x01: 'x87 floating point registers'
[    0.000000] x86/fpu: Supporting XSAVE feature 0x02: 'SSE registers'
[    0.000000] x86/fpu: Supporting XSAVE feature 0x04: 'AVX registers'
[    0.000000] x86/fpu: Enabled xstate features 0x7, context size is 832 bytes, using 'standard' format.
[    0.000000] e820: BIOS-provided physical RAM map:
[    0.000000] BIOS-e820: [mem 0x0000000000000000-0x000000000009fbff] usable
[    0.000000] BIOS-e820: [mem 0x000000000009fc00-0x000000000009ffff] reserved
[    0.000000] BIOS-e820: [mem 0x00000000000f0000-0x00000000000fffff] reserved
[    0.000000] BIOS-e820: [mem 0x0000000000100000-0x000000003ffeffff] usable
[    0.000000] BIOS-e820: [mem 0x000000003fff0000-0x000000003fffffff] ACPI data
[    0.000000] BIOS-e820: [mem 0x00000000fec00000-0x00000000fec00fff] reserved
[    0.000000] BIOS-e820: [mem 0x00000000fee00000-0x00000000fee00fff] reserved
[    0.000000] BIOS-e820: [mem 0x00000000fffc0000-0x00000000ffffffff] reserved
[    0.000000] NX (Execute Disable) protection: active
[    0.000000] SMBIOS 2.5 present.
[    0.000000] Hypervisor detected: KVM
[    0.000000] e820: last_pfn = 0x3fff0 max_arch_pfn = 0x400000000
[    0.000000] MTRR: Disabled
[    0.000000] x86/PAT: MTRRs disabled, skipping PAT initialization too.
[    0.000000] CPU MTRRs all blank - virtualized system.
[    0.000000] x86/PAT: Configuration [0-7]: WB  WT  UC- UC  WB  WT  UC- UC  
[    0.000000] found SMP MP-table at [mem 0x0009fff0-0x0009ffff] mapped at [ffff88000009fff0]
[    0.000000] Scanning 1 areas for low memory corruption
[    0.000000] RAMDISK: [mem 0x362fa000-0x37174fff]
[    0.000000] ACPI: Early table checksum verification disabled
[    0.000000] ACPI: RSDP 0x00000000000E0000 000024 (v02 VBOX  )
[    0.000000] ACPI: XSDT 0x000000003FFF0030 00003C (v01 VBOX   VBOXXSDT 00000001 ASL  00000061)
[    0.000000] ACPI: FACP 0x000000003FFF00F0 0000F4 (v04 VBOX   VBOXFACP 00000001 ASL  00000061)
[    0.000000] ACPI: DSDT 0x000000003FFF0470 0022EA (v02 VBOX   VBOXBIOS 00000002 INTL 20100528)
[    0.000000] ACPI: FACS 0x000000003FFF0200 000040
[    0.000000] ACPI: FACS 0x000000003FFF0200 000040
[    0.000000] ACPI: APIC 0x000000003FFF0240 00005C (v02 VBOX   VBOXAPIC 00000001 ASL  00000061)
[    0.000000] ACPI: SSDT 0x000000003FFF02A0 0001CC (v01 VBOX   VBOXCPUT 00000002 INTL 20100528)
[    0.000000] No NUMA configuration found
[    0.000000] Faking a node at [mem 0x0000000000000000-0x000000003ffeffff]
[    0.000000] NODE_DATA(0) allocated [mem 0x3ffeb000-0x3ffeffff]
[    0.000000] kvm-clock: Using msrs 4b564d01 and 4b564d00
[    0.000000] kvm-clock: cpu 0, msr 0:3ffe3001, primary cpu clock
[    0.000000] kvm-clock: using sched offset of 5937497275 cycles
[    0.000000] clocksource: kvm-clock: mask: 0xffffffffffffffff max_cycles: 0x1cd42e4dffb, max_idle_ns: 881590591483 ns
[    0.000000] Zone ranges:
[    0.000000]   DMA      [mem 0x0000000000001000-0x0000000000ffffff]
[    0.000000]   DMA32    [mem 0x0000000001000000-0x000000003ffeffff]
[    0.000000]   Normal   empty
[    0.000000]   Device   empty
[    0.000000] Movable zone start for each node
[    0.000000] Early memory node ranges
[    0.000000]   node   0: [mem 0x0000000000001000-0x000000000009efff]
[    0.000000]   node   0: [mem 0x0000000000100000-0x000000003ffeffff]
[    0.000000] Initmem setup node 0 [mem 0x0000000000001000-0x000000003ffeffff]
[    0.000000] ACPI: PM-Timer IO Port: 0x4008
[    0.000000] IOAPIC[0]: apic_id 2, version 32, address 0xfec00000, GSI 0-23
[    0.000000] ACPI: INT_SRC_OVR (bus 0 bus_irq 0 global_irq 2 dfl dfl)
[    0.000000] ACPI: INT_SRC_OVR (bus 0 bus_irq 9 global_irq 9 low level)
[    0.000000] Using ACPI (MADT) for SMP configuration information
[    0.000000] smpboot: Allowing 2 CPUs, 0 hotplug CPUs
[    0.000000] PM: Registered nosave memory: [mem 0x00000000-0x00000fff]
[    0.000000] PM: Registered nosave memory: [mem 0x0009f000-0x0009ffff]
[    0.000000] PM: Registered nosave memory: [mem 0x000a0000-0x000effff]
[    0.000000] PM: Registered nosave memory: [mem 0x000f0000-0x000fffff]
[    0.000000] e820: [mem 0x40000000-0xfebfffff] available for PCI devices
[    0.000000] Booting paravirtualized kernel on KVM
[    0.000000] clocksource: refined-jiffies: mask: 0xffffffff max_cycles: 0xffffffff, max_idle_ns: 7645519600211568 ns
[    0.000000] setup_percpu: NR_CPUS:512 nr_cpumask_bits:512 nr_cpu_ids:2 nr_node_ids:1
[    0.000000] PERCPU: Embedded 34 pages/cpu @ffff88003fc00000 s99480 r8192 d31592 u1048576
[    0.000000] Built 1 zonelists in Node order, mobility grouping on.  Total pages: 257912
[    0.000000] Policy zone: DMA32
[    0.000000] Kernel command line: BOOT_IMAGE=/boot/vmlinuz-4.4.0-146-generic root=LABEL=cloudimg-rootfs ro console=tty1 console=ttyS0
[    0.000000] PID hash table entries: 4096 (order: 3, 32768 bytes)
[    0.000000] Memory: 997732K/1048120K available (8609K kernel code, 1334K rwdata, 4028K rodata, 1484K init, 1284K bss, 50388K reserved, 0K cma-reserved)
[    0.000000] SLUB: HWalign=64, Order=0-3, MinObjects=0, CPUs=2, Nodes=1
[    0.000000] Kernel/User page tables isolation: enabled
[    0.000000] Hierarchical RCU implementation.
[    0.000000] 	Build-time adjustment of leaf fanout to 64.
[    0.000000] 	RCU restricting CPUs from NR_CPUS=512 to nr_cpu_ids=2.
[    0.000000] RCU: Adjusting geometry for rcu_fanout_leaf=64, nr_cpu_ids=2
[    0.000000] NR_IRQS:33024 nr_irqs:440 16
[    0.000000] Console: colour VGA+ 80x25
[    0.000000] console [tty1] enabled
[    0.000000] console [ttyS0] enabled
[    0.000000] tsc: Detected 1599.999 MHz processor
[    0.369395] Calibrating delay loop (skipped) preset value.. 3199.99 BogoMIPS (lpj=6399996)
[    0.373060] pid_max: default: 32768 minimum: 301
[    0.374983] ACPI: Core revision 20150930
[    0.377895] ACPI: 2 ACPI AML tables successfully acquired and loaded
[    0.380927] Security Framework initialized
[    0.382577] Yama: becoming mindful.
[    0.384082] AppArmor: AppArmor initialized
[    0.385848] Dentry cache hash table entries: 131072 (order: 8, 1048576 bytes)
[    0.391195] Inode-cache hash table entries: 65536 (order: 7, 524288 bytes)
[    0.394188] Mount-cache hash table entries: 2048 (order: 2, 16384 bytes)
[    0.397659] Mountpoint-cache hash table entries: 2048 (order: 2, 16384 bytes)
[    0.400957] Initializing cgroup subsys io
[    0.402593] Initializing cgroup subsys memory
[    0.404577] Initializing cgroup subsys devices
[    0.406458] Initializing cgroup subsys freezer
[    0.408574] Initializing cgroup subsys net_cls
[    0.410403] Initializing cgroup subsys perf_event
[    0.412408] Initializing cgroup subsys net_prio
[    0.414227] Initializing cgroup subsys hugetlb
[    0.416233] Initializing cgroup subsys pids
[    0.419025] mce: CPU supports 0 MCE banks
[    0.420957] Last level iTLB entries: 4KB 64, 2MB 8, 4MB 8
[    0.423105] Last level dTLB entries: 4KB 64, 2MB 0, 4MB 0, 1GB 4
[    0.425710] Spectre V2 : Mitigation: Full generic retpoline
[    0.428210] Spectre V2 : Spectre v2 / SpectreRSB mitigation: Filling RSB on context switch
[    0.431752] Speculative Store Bypass: Vulnerable
[    0.437121] Freeing SMP alternatives memory: 36K
[    0.446144] ftrace: allocating 32287 entries in 127 pages
[    0.516562] smpboot: APIC(0) Converting physical 0 to logical package 0
[    0.519447] smpboot: Max logical packages: 1
[    0.521701] x2apic enabled
[    0.523163] Switched APIC routing to physical x2apic.
[    0.527014] ..TIMER: vector=0x30 apic1=0 pin1=2 apic2=-1 pin2=-1
[    0.636918] smpboot: CPU0: Intel(R) Core(TM) i5-5250U CPU @ 1.60GHz (family: 0x6, model: 0x3d, stepping: 0x4)
[    0.641754] Performance Events: unsupported p6 CPU model 61 no PMU driver, software events only.
[    0.659566] KVM setup paravirtual spinlock
[    0.690522] x86: Booting SMP configuration:
[    0.692677] .... node  #0, CPUs:      #1
[    0.694749] kvm-clock: cpu 1, msr 0:3ffe3041, secondary cpu clock
[    0.699205] mce: CPU supports 0 MCE banks
[    0.703336] x86: Booted up 1 node, 2 CPUs
[    0.705632] smpboot: Total of 2 processors activated (6399.99 BogoMIPS)
[    0.709192] devtmpfs: initialized
[    0.712455] evm: security.selinux
[    0.714017] evm: security.SMACK64
[    0.715632] evm: security.SMACK64EXEC
[    0.717344] evm: security.SMACK64TRANSMUTE
[    0.718987] evm: security.SMACK64MMAP
[    0.720537] evm: security.ima
[    0.721995] evm: security.capability
[    0.723830] clocksource: jiffies: mask: 0xffffffff max_cycles: 0xffffffff, max_idle_ns: 7645041785100000 ns
[    0.727935] futex hash table entries: 512 (order: 3, 32768 bytes)
[    0.730732] pinctrl core: initialized pinctrl subsystem
[    0.733867] RTC time: 15:16:41, date: 05/13/19
[    0.736170] NET: Registered protocol family 16
[    0.750014] cpuidle: using governor ladder
[    0.761965] cpuidle: using governor menu
[    0.764467] PCCT header not found.
[    0.766364] ACPI: bus type PCI registered
[    0.768056] acpiphp: ACPI Hot Plug PCI Controller Driver version: 0.5
[    0.770663] PCI: Using configuration type 1 for base access
[    0.787239] ACPI: Added _OSI(Module Device)
[    0.789539] ACPI: Added _OSI(Processor Device)
[    0.791323] ACPI: Added _OSI(3.0 _SCP Extensions)
[    0.793721] ACPI: Added _OSI(Processor Aggregator Device)
[    0.797482] ACPI: Executed 1 blocks of module-level executable AML code
[    0.802677] ACPI: Interpreter enabled
[    0.804461] ACPI: (supports S0 S5)
[    0.806097] ACPI: Using IOAPIC for interrupt routing
[    0.808342] PCI: Using host bridge windows from ACPI; if necessary, use "pci=nocrs" and report a bug
[    0.818548] ACPI: PCI Root Bridge [PCI0] (domain 0000 [bus 00-ff])
[    0.821288] acpi PNP0A03:00: _OSC: OS supports [ASPM ClockPM Segments MSI]
[    0.824411] acpi PNP0A03:00: _OSC: not requesting OS control; OS requires [ExtendedConfig ASPM ClockPM MSI]
[    0.829097] acpi PNP0A03:00: fail to add MMCONFIG information, can't access extended PCI configuration space under this bridge.
[    0.834806] PCI host bridge to bus 0000:00
[    0.836876] pci_bus 0000:00: root bus resource [io  0x0000-0x0cf7 window]
[    0.839699] pci_bus 0000:00: root bus resource [io  0x0d00-0xffff window]
[    0.842296] pci_bus 0000:00: root bus resource [mem 0x000a0000-0x000bffff window]
[    0.845468] pci_bus 0000:00: root bus resource [mem 0x40000000-0xfdffffff window]
[    0.848668] pci_bus 0000:00: root bus resource [bus 00-ff]
[    0.855919] pci 0000:00:01.1: legacy IDE quirk: reg 0x10: [io  0x01f0-0x01f7]
[    0.859058] pci 0000:00:01.1: legacy IDE quirk: reg 0x14: [io  0x03f6]
[    0.861978] pci 0000:00:01.1: legacy IDE quirk: reg 0x18: [io  0x0170-0x0177]
[    0.864657] pci 0000:00:01.1: legacy IDE quirk: reg 0x1c: [io  0x0376]
[    0.895021] pci 0000:00:07.0: quirk: [io  0x4000-0x403f] claimed by PIIX4 ACPI
[    0.898985] pci 0000:00:07.0: quirk: [io  0x4100-0x410f] claimed by PIIX4 SMB
[    0.931170] ACPI: PCI Interrupt Link [LNKA] (IRQs 5 9 10 *11)
[    0.934546] ACPI: PCI Interrupt Link [LNKB] (IRQs 5 9 *10 11)
[    0.938319] ACPI: PCI Interrupt Link [LNKC] (IRQs 5 *9 10 11)
[    0.941387] ACPI: PCI Interrupt Link [LNKD] (IRQs 5 9 10 *11)
[    0.944699] ACPI: Enabled 2 GPEs in block 00 to 07
[    0.947889] vgaarb: setting as boot device: PCI:0000:00:02.0
[    0.950683] vgaarb: device added: PCI:0000:00:02.0,decodes=io+mem,owns=io+mem,locks=none
[    0.954270] vgaarb: loaded
[    0.955648] vgaarb: bridge control possible 0000:00:02.0
[    0.958620] SCSI subsystem initialized
[    0.961882] ACPI: bus type USB registered
[    0.963643] usbcore: registered new interface driver usbfs
[    0.965953] usbcore: registered new interface driver hub
[    0.968126] usbcore: registered new device driver usb
[    0.970693] PCI: Using ACPI for IRQ routing
[    0.973521] NetLabel: Initializing
[    0.975207] NetLabel:  domain hash size = 128
[    0.977171] NetLabel:  protocols = UNLABELED CIPSOv4
[    0.981522] NetLabel:  unlabeled traffic allowed by default
[    0.984217] amd_nb: Cannot enumerate AMD northbridges
[    0.986561] clocksource: Switched to clocksource kvm-clock
[    0.999111] AppArmor: AppArmor Filesystem Enabled
[    1.001267] pnp: PnP ACPI init
[    1.004464] pnp: PnP ACPI: found 3 devices
[    1.017629] clocksource: acpi_pm: mask: 0xffffff max_cycles: 0xffffff, max_idle_ns: 2085701024 ns
[    1.021662] NET: Registered protocol family 2
[    1.023972] TCP established hash table entries: 8192 (order: 4, 65536 bytes)
[    1.026682] TCP bind hash table entries: 8192 (order: 5, 131072 bytes)
[    1.030933] TCP: Hash tables configured (established 8192 bind 8192)
[    1.033619] UDP hash table entries: 512 (order: 2, 16384 bytes)
[    1.035980] UDP-Lite hash table entries: 512 (order: 2, 16384 bytes)
[    1.038936] NET: Registered protocol family 1
[    1.040970] pci 0000:00:00.0: Limiting direct PCI/PCI transfers
[    1.043893] pci 0000:00:01.0: Activating ISA DMA hang workarounds
[    1.046745] Unpacking initramfs...
[    1.388324] Freeing initrd memory: 14828K
[    1.390212] RAPL PMU detected, API unit is 2^-32 Joules, 4 fixed counters 10737418240 ms ovfl timer
[    1.394000] hw unit of domain pp0-core 2^-0 Joules
[    1.397485] hw unit of domain package 2^-0 Joules
[    1.400515] hw unit of domain dram 2^-0 Joules
[    1.402684] hw unit of domain pp1-gpu 2^-0 Joules
[    1.404919] platform rtc_cmos: registered platform RTC device (no PNP device found)
[    1.408421] Scanning for low memory corruption every 60 seconds
[    1.411459] audit: initializing netlink subsys (disabled)
[    1.413809] audit: type=2000 audit(1557760608.879:1): initialized
[    1.416555] Initialise system trusted keyring
[    1.418573] HugeTLB registered 2 MB page size, pre-allocated 0 pages
[    1.422478] zbud: loaded
[    1.424201] VFS: Disk quotas dquot_6.6.0
[    1.425993] VFS: Dquot-cache hash table entries: 512 (order 0, 4096 bytes)
[    1.429228] squashfs: version 4.0 (2009/01/31) Phillip Lougher
[    1.432230] fuse init (API version 7.23)
[    1.434261] Key type big_key registered
[    1.436148] Allocating IMA MOK and blacklist keyrings.
[    1.440952] Key type asymmetric registered
[    1.442645] Asymmetric key parser 'x509' registered
[    1.444800] Block layer SCSI generic (bsg) driver version 0.4 loaded (major 249)
[    1.448237] io scheduler noop registered
[    1.449848] io scheduler deadline registered (default)
[    1.452041] io scheduler cfq registered
[    1.453865] pci_hotplug: PCI Hot Plug PCI Core version: 0.5
[    1.468716] pciehp: PCI Express Hot Plug Controller Driver version: 0.4
[    1.472662] ACPI: AC Adapter [AC] (on-line)
[    1.474544] input: Power Button as /devices/LNXSYSTM:00/LNXPWRBN:00/input/input0
[    1.478226] ACPI: Power Button [PWRF]
[    1.479968] input: Sleep Button as /devices/LNXSYSTM:00/LNXSLPBN:00/input/input1
[    1.482957] ACPI: Sleep Button [SLPF]
[    1.486932] GHES: HEST is not enabled!
[    1.487465] ACPI: Battery Slot [BAT0] (battery present)
[    1.492134] Serial: 8250/16550 driver, 32 ports, IRQ sharing enabled
 	
 !"#$%&'()*+,-./0123456789:;<=>?@ABCDEFGHIJKLMNOPQRSTUVWXYZ[\]^_`abcdefghijklmnopqrstuvwxyz{|}~ÄÅÇÉÑÖÜáàâäãåçéèêëíìîïñóòôöõúùûü†°¢£§•¶ß®©™´¨≠ÆØ∞±≤≥¥µ∂∑∏π∫ªºΩæø¿¡¬√ƒ≈∆«»… ÀÃÕŒœ–—“”‘’÷◊ÿŸ⁄€‹›ﬁﬂ‡·‚„‰ÂÊÁËÈÍÎÏÌÓÔÒÚÛÙıˆ˜¯˘˙˚¸˝˛ˇ[    1.525028] 00:02: ttyS0 at I/O 0x3f8 (irq = 4, base_baud = 115200) is a 16550A
[    1.534489] Linux agpgart interface v0.103
[    1.540001] loop: module loaded
[    1.542234] scsi host0: ata_piix
[    1.543935] scsi host1: ata_piix
[    1.546876] ata1: PATA max UDMA/33 cmd 0x1f0 ctl 0x3f6 bmdma 0xd000 irq 14
[    1.550499] ata2: PATA max UDMA/33 cmd 0x170 ctl 0x376 bmdma 0xd008 irq 15
[    1.553559] libphy: Fixed MDIO Bus: probed
[    1.555429] tun: Universal TUN/TAP device driver, 1.6
[    1.557682] tun: (C) 1999-2004 Max Krasnyansky <maxk@qualcomm.com>
[    1.560467] PPP generic driver version 2.4.2
[    1.562523] ehci_hcd: USB 2.0 'Enhanced' Host Controller (EHCI) Driver
[    1.565650] ehci-pci: EHCI PCI platform driver
[    1.568397] ehci-platform: EHCI generic platform driver
[    1.570870] ohci_hcd: USB 1.1 'Open' Host Controller (OHCI) Driver
[    1.573529] ohci-pci: OHCI PCI platform driver
[    1.575527] ohci-platform: OHCI generic platform driver
[    1.578903] uhci_hcd: USB Universal Host Controller Interface driver
[    1.581960] i8042: PNP: PS/2 Controller [PNP0303:PS2K,PNP0f03:PS2M] at 0x60,0x64 irq 1,12
[    1.586042] serio: i8042 KBD port at 0x60,0x64 irq 1
[    1.588443] serio: i8042 AUX port at 0x60,0x64 irq 12
[    1.591049] mousedev: PS/2 mouse device common for all mice
[    1.594444] input: AT Translated Set 2 keyboard as /devices/platform/i8042/serio0/input/input2
[    1.599353] rtc_cmos rtc_cmos: rtc core: registered rtc_cmos as rtc0
[    1.601917] rtc_cmos rtc_cmos: alarms up to one day, 114 bytes nvram
[    1.604372] i2c /dev entries driver
[    1.605898] device-mapper: uevent: version 1.0.3
[    1.607885] device-mapper: ioctl: 4.34.0-ioctl (2015-10-28) initialised: dm-devel@redhat.com
[    1.611371] ledtrig-cpu: registered to indicate activity on CPUs
[    1.614339] NET: Registered protocol family 10
[    1.616568] NET: Registered protocol family 17
[    1.618448] Key type dns_resolver registered
[    1.620832] registered taskstats version 1
[    1.622514] Loading compiled-in X.509 certificates
[    1.625135] Loaded X.509 cert 'Build time autogenerated kernel key: 4dcb2dc2c7cf43e0c20c44384f68683c20294489'
[    1.629235] zswap: loaded using pool lzo/zbud
[    1.633842] Key type trusted registered
[    1.641249] Key type encrypted registered
[    1.643127] AppArmor: AppArmor sha1 policy hashing enabled
[    1.645633] ima: No TPM chip found, activating TPM-bypass!
[    1.648034] ima: Allocated hash algorithm: sha1
[    1.650144] evm: HMAC attrs: 0x1
[    1.653294]   Magic number: 3:281:285
[    1.655483] rtc_cmos rtc_cmos: setting system clock to 2019-05-13 15:16:42 UTC (1557760602)
[    1.659560] BIOS EDD facility v0.16 2004-Jun-25, 0 devices found
[    1.662134] EDD information not available.
[    1.708690] Freeing unused kernel memory: 1484K
[    1.711272] Write protecting the kernel read-only data: 14336k
[    1.714384] Freeing unused kernel memory: 1620K
[    1.716665] Freeing unused kernel memory: 68K
Loading, please wait...
starting version 229
[    1.736248] random: udevadm: uninitialized urandom read (16 bytes read, 3 bits of entropy available)
[    1.736295] random: systemd-udevd: uninitialized urandom read (16 bytes read, 3 bits of entropy available)
[    1.736408] random: systemd-udevd: uninitialized urandom read (16 bytes read, 3 bits of entropy available)
[    1.736427] random: systemd-udevd: uninitialized urandom read (16 bytes read, 3 bits of entropy available)
[    1.736449] random: systemd-udevd: uninitialized urandom read (16 bytes read, 3 bits of entropy available)
[    1.757693] random: udevadm: uninitialized urandom read (16 bytes read, 3 bits of entropy available)
[    1.767747] random: systemd-udevd: uninitialized urandom read (16 bytes read, 3 bits of entropy available)
[    1.772060] random: udevadm: uninitialized urandom read (16 bytes read, 3 bits of entropy available)
[    1.772110] random: udevadm: uninitialized urandom read (16 bytes read, 3 bits of entropy available)
[    1.772254] random: udevadm: uninitialized urandom read (16 bytes read, 3 bits of entropy available)
[    1.821352] e1000: Intel(R) PRO/1000 Network Driver - version 7.3.21-k8-NAPI
[    1.824467] e1000: Copyright (c) 1999-2006 Intel Corporation.
[    1.833051] Fusion MPT base driver 3.04.20
[    1.835681] Copyright (c) 1999-2008 LSI Corporation
[    1.881435] Fusion MPT SPI Host driver 3.04.20
[    1.889019] AVX2 version of gcm_enc/dec engaged.
[    1.891591] AES CTR mode by8 optimization enabled
[    2.049732] input: ImExPS/2 Generic Explorer Mouse as /devices/platform/i8042/serio1/input/input4
[    2.372934] e1000 0000:00:03.0 eth0: (PCI:33MHz:32-bit) 02:3a:f4:24:e2:72
[    2.376554] e1000 0000:00:03.0 eth0: Intel(R) PRO/1000 Network Connection
[    2.382418] mptbase: ioc0: Initiating bringup
[    2.414936] tsc: Refined TSC clocksource calibration: 1600.673 MHz
[    2.422205] clocksource: tsc: mask: 0xffffffffffffffff max_cycles: 0x1712a0c76fe, max_idle_ns: 440795254062 ns
[    2.528111] ioc0: LSI53C1030 A0: Capabilities={Initiator}
[    2.698679] scsi host2: ioc0: LSI53C1030 A0, FwRev=00000000h, Ports=1, MaxQ=256, IRQ=20
[    2.815813] scsi 2:0:0:0: Direct-Access     VBOX     HARDDISK         1.0  PQ: 0 ANSI: 5
[    2.820441] scsi target2:0:0: Beginning Domain Validation
[    2.824885] scsi target2:0:0: Domain Validation skipping write tests
[    2.827979] scsi target2:0:0: Ending Domain Validation
[    2.830713] scsi target2:0:0: asynchronous
[    2.834202] scsi 2:0:1:0: Direct-Access     VBOX     HARDDISK         1.0  PQ: 0 ANSI: 5
[    2.837968] scsi target2:0:1: Beginning Domain Validation
[    2.855766] scsi target2:0:1: Domain Validation skipping write tests
[    2.858366] scsi target2:0:1: Ending Domain Validation
[    2.860703] scsi target2:0:1: asynchronous
[    2.887802] sd 2:0:0:0: Attached scsi generic sg0 type 0
[    2.891294] sd 2:0:0:0: [sda] 20971520 512-byte logical blocks: (10.7 GB/10.0 GiB)
[    2.895876] sd 2:0:1:0: [sdb] 20480 512-byte logical blocks: (10.5 MB/10.0 MiB)
[    2.900163] sd 2:0:1:0: Attached scsi generic sg1 type 0
[    2.904802] sd 2:0:0:0: [sda] Write Protect is off
[    2.910685] sd 2:0:1:0: [sdb] Write Protect is off
[    2.915414] sd 2:0:1:0: [sdb] Incomplete mode parameter data
[    2.935294] sd 2:0:1:0: [sdb] Assuming drive cache: write through
[    2.946573] sd 2:0:0:0: [sda] Incomplete mode parameter data
[    2.949552] sd 2:0:0:0: [sda] Assuming drive cache: write through
[    2.955807]  sda: sda1
[    2.959324] sd 2:0:0:0: [sda] Attached SCSI disk
[    2.964850] sd 2:0:1:0: [sdb] Attached SCSI disk
[    3.395764] e1000 0000:00:08.0 eth1: (PCI:33MHz:32-bit) 08:00:27:91:36:36
[    3.400299] e1000 0000:00:08.0 eth1: Intel(R) PRO/1000 Network Connection
[    3.404337] e1000 0000:00:03.0 enp0s3: renamed from eth0
[    3.415568] e1000 0000:00:08.0 enp0s8: renamed from eth1
Begin: Loading essential drivers ... [    4.918820] md: linear personality registered for level -1
[    4.930062] md: multipath personality registered for level -4
[    4.937433] md: raid0 personality registered for level 0
[    4.944345] md: raid1 personality registered for level 1
[    5.018633] raid6: sse2x1   gen()  7951 MB/s
[    5.086748] raid6: sse2x1   xor()  5381 MB/s
[    5.154827] raid6: sse2x2   gen()  9437 MB/s
[    5.223007] raid6: sse2x2   xor()  6486 MB/s
[    5.290771] raid6: sse2x4   gen() 11672 MB/s
[    5.358597] raid6: sse2x4   xor()  7843 MB/s
[    5.426886] raid6: avx2x1   gen() 15831 MB/s
[    5.494679] raid6: avx2x2   gen() 18236 MB/s
[    5.562885] raid6: avx2x4   gen() 19543 MB/s
[    5.564778] raid6: using algorithm avx2x4 gen() 19543 MB/s
[    5.567315] raid6: using avx2x2 recovery algorithm
[    5.571376] xor: automatically using best checksumming function:
[    5.610996]    avx       : 27341.000 MB/sec
[    5.615392] async_tx: api initialized (async)
[    5.637530] md: raid6 personality registered for level 6
[    5.640672] md: raid5 personality registered for level 5
[    5.643432] md: raid4 personality registered for level 4
[    5.654767] md: raid10 personality registered for level 10
done.
Begin: Running /scripts/init-premount ... done.
Begin: Mounting root file system ... Begin: Running /scripts/local-top ... done.
Begin: Running /scripts/local-premount ... [    5.703412] Btrfs loaded
Scanning for Btrfs filesystems
done.
Warning: fsck not present, so skipping root file system
[    5.768481] EXT4-fs (sda1): mounted filesystem with ordered data mode. Opts: (null)
done.
Begin: Running /scripts/local-bottom ... done.
Begin: Running /scripts/init-bottom ... done.
[    6.024655] systemd[1]: systemd 229 running in system mode. (+PAM +AUDIT +SELINUX +IMA +APPARMOR +SMACK +SYSVINIT +UTMP +LIBCRYPTSETUP +GCRYPT +GNUTLS +ACL +XZ -LZ4 +SECCOMP +BLKID +ELFUTILS +KMOD -IDN)
[    6.041145] systemd[1]: Detected virtualization oracle.
[    6.046910] systemd[1]: Detected architecture x86-64.

Welcome to [1mUbuntu 16.04.6 LTS[0m!

[    6.064539] systemd[1]: Set hostname to <ubuntu>.
[    6.081795] systemd[1]: Initializing machine ID from random generator.
[    6.091145] systemd[1]: Installed transient /etc/machine-id file.
[    6.499562] systemd[1]: Listening on udev Kernel Socket.
[[0;32m  OK  [0m] Listening on udev Kernel Socket.
[    6.505118] systemd[1]: Reached target User and Group Name Lookups.
[[0;32m  OK  [0m] Reached target User and Group Name Lookups.
[    6.510295] systemd[1]: Reached target Swap.
[[0;32m  OK  [0m] Reached target Swap.
[    6.514357] systemd[1]: Listening on Journal Socket (/dev/log).
[[0;32m  OK  [0m] Listening on Journal Socket (/dev/log).
[    6.519823] systemd[1]: Listening on Journal Audit Socket.
[[0;32m  OK  [0m] Listening on Journal Audit Socket.
[    6.524930] systemd[1]: Started Trigger resolvconf update for networkd DNS.
[[0;32m  OK  [0m] Started Trigger resolvconf update for networkd DNS.
[    6.531901] systemd[1]: Listening on /dev/initctl Compatibility Named Pipe.
[[0;32m  OK  [0m] Listening on /dev/initctl Compatibility Named Pipe.
[    6.538653] systemd[1]: Listening on LVM2 metadata daemon socket.
[[0;32m  OK  [0m] Listening on LVM2 metadata daemon socket.
[    6.545601] systemd[1]: Listening on Journal Socket.
[[0;32m  OK  [0m] Listening on Journal Socket.
[    6.551380] systemd[1]: Started Forward Password Requests to Wall Directory Watch.
[[0;32m  OK  [0m] Started Forward Password Requests to Wall Directory Watch.
[    6.559565] systemd[1]: Listening on Syslog Socket.
[[0;32m  OK  [0m] Listening on Syslog Socket.
[    6.565841] systemd[1]: Created slice User and Session Slice.
[[0;32m  OK  [0m] Created slice User and Session Slice.
[    6.571278] systemd[1]: Reached target Encrypted Volumes.
[[0;32m  OK  [0m] Reached target Encrypted Volumes.
[    6.576161] systemd[1]: Listening on LVM2 poll daemon socket.
[[0;32m  OK  [0m] Listening on LVM2 poll daemon socket.
[    6.583088] systemd[1]: Created slice System Slice.
[[0;32m  OK  [0m] Created slice System Slice.
[    6.603480] systemd[1]: Starting Journal Service...
         Starting Journal Service...
[    6.612215] systemd[1]: Starting Set console keymap...
         Starting Set console keymap...
[    6.619760] systemd[1]: Mounting Huge Pages File System...
         Mounting Huge Pages File System...
[    6.626531] systemd[1]: Starting Uncomplicated firewall...
         Starting Uncomplicated firewall...
[    6.633994] systemd[1]: Starting Create list of required static device nodes for the current kernel...
         Starting Create list of required st... nodes for the current kernel...
[    6.646214] systemd[1]: Starting Remount Root and Kernel File Systems...
         Starting Remount Root and Kernel File Systems...
[    6.661463] systemd[1]: Starting Nameserver information manager...
         Starting Nameserver information manager...
[    6.677179] systemd[1]: Reached target System Time Synchronized.
[[0;32m  OK  [0m] Reached target System Time S[    6.683648] EXT4-fs (sda1): re-mounted. Opts: (null)
ynchronized.
[    6.698766] systemd[1]: Mounting POSIX Message Queue File System...
         Mounting POSIX Message Queue File System...
[    6.706085] systemd[1]: Listening on udev Control Socket.
[[0;32m  OK  [0m] Listening on udev Control Socket.
[    6.712542] systemd[1]: Set up automount Arbitrary Executable File Formats File System Automount Point.
[[0;32m  OK  [0m] Set up automount Arbitrary Executab...ats File System Automount Point.
[    6.725776] systemd[1]: Mounting Debug File System...
         Mounting Debug File System...
[    6.731494] systemd[1]: Created slice system-serial\x2dgetty.slice.
[[0;32m  OK  [0m] Created slice system-serial\x2dgetty.slice.
[    6.737096] systemd[1]: Listening on Device-mapper event daemon FIFOs.
[[0;32m  OK  [0m] Listening on Device-mapper event daemon FIFOs.
[    6.759559] systemd[1]: Starting Load Kernel Modules...
         Starting Load Kernel Modules...
[    6.765513] systemd[1]: Reached target Slices.
[[0;32m  OK  [0m] Reached target Slices.
[    6.777470] systemd[1]: Starting Monitoring of LVM2 mirrors, snapshots etc. using dmeventd or progress polling...
         Starting Monitoring of LVM2 mirrors... dmeventd or progress polling...
[    6.788237] Loading iSCSI transport class v2.0-870.
[    6.791317] systemd[1]: Mounted POSIX Message Queue File System.
[[0;32m  OK  [0m] Mounted POSIX Message Queue File System.
[    6.798598] systemd[1]: Mounted Debug File System.
[[0;32m  OK  [0m] Mounted Debug File System.
[    6.805855] systemd[1]: Mounted Huge Pages File System.
[[0;32m  OK  [0m] Mounted Huge Pages File System.
[    6.812982] systemd[1]: Started Journal Service.
[    6.815864] iscsi: registered transport (tcp)
[[0;32m  OK  [0m] Started Journal Service.
[[0;32m  OK  [0m] Started Set console keymap.
[[0;32m  OK  [0m] Started Uncomplicated firewall.
[[0;32m  OK  [0m] Started Create list of required sta...ce nodes for the current kernel.
[[0;32m  OK  [0m] Started Remount Root and Kernel File Systems.
[[0;32m  OK  [0m] Started Nameserver information manager.
[    6.874583] iscsi: registered transport (iser)
[[0;32m  OK  [0m] Started Load Kernel Modules.
         Mounting FUSE Control File System...
         Starting Apply Kernel Variables...
[[0;32m  OK  [0m] Started LVM2 metadata daemon.
         Starting udev Coldplug all Devices...
         Starting Load/Save Random Seed...
         Starting Create Static Device Nodes in /dev...
         Starting Flush Journal to Persistent Storage...
[[0;32m  OK  [0m] Mounted FUSE Control File System.
[[0;32m  OK  [0m] Started Apply Kernel Variables.
[[0;32m  OK  [0m] Started Load/Save Random Seed.
[[0;32m  OK  [0m] Started Create Static Device Nodes in /dev.
[[0;32m  OK  [0m] Started Flush Journal to Persistent Storage.
[[0;32m  OK  [0m] Started udev Coldplug all Devices.
         Starting udev Kernel Device Manager...
[[0;32m  OK  [0m] Started udev Kernel Device Manager.
[[0;32m  OK  [0m] Started Dispatch Password Requests to Console Directory Watch.
[[0;32m  OK  [0m] Found device /dev/ttyS0.
[[0;32m  OK  [0m] Started Monitoring of LVM2 mirrors,...ng dmeventd or progress polling.
[[0;32m  OK  [0m] Reached target Local File Systems (Pre).
[[0;32m  OK  [0m] Reached target Local File Systems.
         Starting Initial cloud-init job (pre-networking)...
         Starting LSB: AppArmor initialization...
         Starting Tell Plymouth To Write Out Runtime Data...
         Starting Commit a transient machine-id on disk...
         Starting Set console font and keymap...
         Starting Create Volatile Files and Directories...
[[0;32m  OK  [0m] Started Tell Plymouth To Write Out Runtime Data.
[[0;32m  OK  [0m] Started Create Volatile Files and Directories.
[[0;32m  OK  [0m] Started Commit a transient machine-id on disk.
[[0;32m  OK  [0m] Listening on Load/Save RF Kill Switch Status /dev/rfkill Watch.
         Starting Update UTMP about System Boot/Shutdown...
[[0;32m  OK  [0m] Started Update UTMP about System Boot/Shutdown.
[[0;32m  OK  [0m] Started LSB: AppArmor initialization.
[[0;32m  OK  [0m] Started Set console font and keymap.
[[0;32m  OK  [0m] Created slice system-getty.slice.
[    9.109076] cloud-init[511]: Cloud-init v. 18.5-45-g3554ffe8-0ubuntu1~16.04.1 running 'init-local' at Mon, 13 May 2019 15:16:49 +0000. Up 8.46 seconds.
[[0;32m  OK  [0m] Started Initial cloud-init job (pre-networking).
[[0;32m  OK  [0m] Reached target Network (Pre).
         Starting Raise network interfaces...
[[0;32m  OK  [0m] Started Raise network interfaces.
[[0;32m  OK  [0m] Reached target Network.
         Starting Initial cloud-init job (metadata service crawler)...
[   11.700516] cloud-init[948]: Cloud-init v. 18.5-45-g3554ffe8-0ubuntu1~16.04.1 running 'init' at Mon, 13 May 2019 15:16:51 +0000. Up 10.27 seconds.
[   11.716735] cloud-init[948]: ci-info: ++++++++++++++++++++++++++++++++++++++Net device info+++++++++++++++++++++++++++++++++++++++
[   11.734605] cloud-init[948]: ci-info: +--------+-------+----------------------------+---------------+--------+-------------------+
[   11.751832] cloud-init[948]: ci-info: | Device |   Up  |          Address           |      Mask     | Scope  |     Hw-Address    |
[   11.764053] cloud-init[948]: ci-info: +--------+-------+----------------------------+---------------+--------+-------------------+
[   11.777398] cloud-init[948]: ci-info: | enp0s3 |  True |         10.0.2.15          | 255.255.255.0 | global | 02:3a:f4:24:e2:72 |
[   11.786733] cloud-init[948]: ci-info: | enp0s3 |  True | fe80::3a:f4ff:fe24:e272/64 |       .       |  link  | 02:3a:f4:24:e2:72 |
[   11.796632] cloud-init[948]: ci-info: | enp0s8 | False |             .              |       .       |   .    | 08:00:27:91:36:36 |
[   11.808017] cloud-init[948]: ci-info: |   lo   |  True |         127.0.0.1          |   255.0.0.0   |  host  |         .         |
[   11.818033] cloud-init[948]: ci-info: |   lo   |  True |          ::1/128           |       .       |  host  |         .         |
[   11.830173] cloud-init[948]: ci-info: +--------+-------+----------------------------+---------------+--------+-------------------+
[   11.849152] cloud-init[948]: ci-info: +++++++++++++++++++++++++++Route IPv4 info++++++++++++++++++++++++++++
[   11.860291] cloud-init[948]: ci-info: +-------+-------------+----------+---------------+-----------+-------+
[   11.874907] cloud-init[948]: ci-info: | Route | Destination | Gateway  |    Genmask    | Interface | Flags |
[   11.884310] cloud-init[948]: ci-info: +-------+-------------+----------+---------------+-----------+-------+
[   11.894353] cloud-init[948]: ci-info: |   0   |   0.0.0.0   | 10.0.2.2 |    0.0.0.0    |   enp0s3  |   UG  |
[   11.904629] cloud-init[948]: ci-info: |   1   |   10.0.2.0  | 0.0.0.0  | 255.255.255.0 |   enp0s3  |   U   |
[   11.912163] cloud-init[948]: ci-info: +-------+-------------+----------+---------------+-----------+-------+
[   11.920782] cloud-init[948]: ci-info: +++++++++++++++++++Route IPv6 info+++++++++++++++++++
[   11.927030] cloud-init[948]: ci-info: +-------+-------------+---------+-----------+-------+
[   11.932731] cloud-init[948]: ci-info: | Route | Destination | Gateway | Interface | Flags |
[   11.938030] cloud-init[948]: ci-info: +-------+-------------+---------+-----------+-------+
[   11.944965] cloud-init[948]: ci-info: |   0   |  fe80::/64  |    ::   |   enp0s3  |   U   |
[   11.952418] cloud-init[948]: ci-info: |   3   |   ff00::/8  |    ::   |   enp0s3  |   U   |
[   11.957595] cloud-init[948]: ci-info: +-------+-------------+---------+-----------+-------+
[   11.967663] cloud-init[948]: Generating public/private rsa key pair.
[   11.977623] cloud-init[948]: Your identification has been saved in /etc/ssh/ssh_host_rsa_key.
[   11.985589] cloud-init[948]: Your public key has been saved in /etc/ssh/ssh_host_rsa_key.pub.
[   11.993547] cloud-init[948]: The key fingerprint is:
[   12.000052] cloud-init[948]: SHA256:z3JnYULSsQinULzceZ96UG8BqMmF65i2T2rKfM9vEAA root@ubuntu-xenial
[   12.009970] cloud-init[948]: The key's randomart image is:
[   12.016111] cloud-init[948]: +---[RSA 2048]----+
[   12.022074] cloud-init[948]: |    E+o ....     |
[   12.028062] cloud-init[948]: |     .o+.ooo.    |
[   12.035788] cloud-init[948]: |     ..=o*+  .   |
[   12.042183] cloud-init[948]: |      o Oo. . .  |
[   12.047639] cloud-init[948]: |       +So.ooo . |
[   12.054481] cloud-init[948]: |      + oo.oo.o  |
[   12.061491] cloud-init[948]: |     . .o.+oo.   |
[   12.068185] cloud-init[948]: |   o  ++ ooo.    |
[   12.074770] cloud-init[948]: |    ++.o+o..     |
[   12.082810] cloud-init[948]: +----[SHA256]-----+
[   12.091874] cloud-init[948]: Generating public/private dsa key pair.
[   12.098744] cloud-init[948]: Your identification has been saved in /etc/ssh/ssh_host_dsa_key.
[   12.103359] cloud-init[948]: Your public key has been saved in /etc/ssh/ssh_host_dsa_key.pub.
[   12.112136] cloud-init[948]: The key fingerprint is:
[   12.115606] cloud-init[948]: SHA256:WpkroKv2ArxEfF80MxZTC0C2DwKOiKDKesalux5Fc94 root@ubuntu-xenial
[   12.121627] cloud-init[948]: The key's randomart image is:
[   12.124718] cloud-init[948]: +---[DSA 1024]----+
[   12.126908] cloud-init[948]: |..  .+.+o.       |
[   12.139924] [cloud-init[0;32m  OK  [0m[948]: ] |B . . .*o .      |Started Initial cloud-init job (metadata service crawler).

[   12.140826] cloud-init[948]: |*. .oo+ +.       |
[   12.152667] [cloud-init[0;32m  OK  [0m[948]: ] |oo o.+oo o       |Reached target System Initialization.

[   12.154081] cloud-init[948]: |+.. = o.E        |
[   12.165016] [cloud-init[0;32m  OK  [0m[948]: ] |o+ = o o .       |Started ACPI Events Check.

[   12.168735] [[0;32m  OK  [0m] Reached target Paths.
cloud-init[948]:          |+ O   o .        |Starting LXD - unix socket.

[   12.176602] cloud-init[948]: | * +   .         |
[   12.180983] cloud-init[948]: |ooBo             |
[[0;32m  OK  [0m] Listening on D-Bus System Message Bus Socket.
[[0;32m  OK  [0m] Started Daily apt download activities.
[[0;32m  OK  [0m] Started Daily apt upgrade and clean activities.
[[0;32m  OK  [0m] Started Daily Cleanup of Temporary Directories.
[[0;32m  OK  [0m] Reached target Timers.
[[0;32m  OK  [0m] Listening on ACPID Listen Socket.
         Starting Socket activation for snappy daemon.
[[0;32m  OK  [0m] Listening on UUID daemon activation socket.
[[0;32m  OK  [0m] Reached target Cloud-config availability.
[[0;32m  OK  [0m] Reached target Network is Online.
[   12.183647] cloud-init[948]: +----[SHA256]-----+
[   12.201891] cloud-init[948]: Generating public/private ecdsa key pair.
[   12.204999] cloud-init[948]: Your identification has been saved in /etc/ssh/ssh_host_ecdsa_key.
         Starting iSCSI initiator daemon (iscsid)...
[   12.212478] cloud-init[948]: Your public key has been saved in /etc/ssh/ssh_host_ecdsa_key.pub.
[[0;32m  OK  [0m] Listening on LXD - unix socket.
[   12.220663] cloud-init[948]: The key fingerprint is:
[   12.227192] cloud-init[948]: SHA256:4j663BEgyKXFl+jraKwNfst8MmdaevMBC1e2a9k0yz8 root@ubuntu-xenial
[[0;32m  OK  [0m] Listening on Socket activation for snappy daemon.
[   12.235549] cloud-init[948]: The key's randomart image is:
[   12.241370] cloud-init[948]: +---[ECDSA 256]---+
[   12.247049] cloud-init[948]: |  .o. .          |
[   12.253032] cloud-init[948]: |..+o o           |
[   12.257947] cloud-init[948]: |.oo o  o         |
[   12.263603] cloud-init[948]: |   o .o .        |
[   12.267385] cloud-init[948]: |   ..oo.So       |
[   12.273686] cloud-init[948]: |   .o.oo* o      |
[   12.277171] cloud-init[948]: |o o  oo= +       |
[   12.280273] cloud-init[948]: |.*o*oOo.. .E     |
[   12.280761] cloud-init[948]: |+.o*&o=o   ..    |
[[0;32m  OK  [0m] Started iSCSI initiator daemon (iscsid).
[   12.281020] cloud-init[948]: +----[SHA256]-----+
[   12.292716] cloud-init[948]: Generating public/private ed25519 key pair.
[   12.294562] cloud-init[948]: Your identification has been saved in /etc/ssh/ssh_host_ed25519_key.
[   12.297137] cloud-init[948]: Your public key has been saved in /etc/ssh/ssh_host_ed25519_key.pub.
[   12.305524] cloud-init[948]: The key fingerprint is:
[   12.310104] cloud-init[948]: SHA256:2F6OoIlYn4jqdNFMMuFcKmNBnMCDlc5LLXoUoeojzL4 root@ubuntu-xenial
[   12.310572]          cloud-initStarting Login to default iSCSI targets...[948]: 
The key's randomart image is:
[[   12.310687] cloud-init[948]: +--[ED25519 256]--+
[0;32m  OK  [0m] Reached target Sockets.
[[0;32m  OK  [0m] Reached target Basic System.
[   12.318821] cloud-init[948]: |B+++ .           |
[   12.333372] cloud-init[948]: |.** +            |
[[0;32m  OK  [0m] Started ACPI event daemon.
[   12.338191] [cloud-init[0;32m  OK  [0m[948]: ] |.*.O .           |Started Unattended Upgrades Shutdown.

[   12.342516] [[0;32m  OK  [0m] Started FUSE filesystem for LXC.
cloud-init[948]: |o O B  o         |
[   12.347689] cloud-init         Starting System Logging Service...
[948]: |.+.+ oo S .      |
         Starting LSB: Record successful boot for GRUB...
         Starting /etc/rc.local Compatibility...
         Starting Accounts Service...
[   12.358100] cloud-init[948]: |=+o+.+ o +       |
[   12.374319] cloud-init         Starting Virtualbox guest utils...
[[0;32m  OK  [0m] Started D-Bus System Message Bus.
[948]: |+Bo.=   o .      |
[   12.393432] cloud-init[948]: |= o              |
[   12.402144] cloud-init[948]: |oE.              |
[   12.407161] cloud-init[948]: +----[SHA256]-----+
[[0;32m  OK  [0m] Started Regular background program processing daemon.
         Starting Snappy daemon...
         Starting Login Service...
[[0;32m  OK  [0m] Started Deferred execution scheduler.
         Starting Pollinate to seed the pseudo random number generator...
         Starting LSB: MD monitoring daemon...
         Starting LXD - container startup/shutdown...
[[0;32m  OK  [0m] Started System Logging Service.
[[0;32m  OK  [0m] Started /etc/rc.local Compatibility.
[[0;32m  OK  [0m] Started Login to default iSCSI targets.
         Starting Authenticate and Authorize Users to Run Privileged Tasks...
[[0;32m  OK  [0m] Reached target Remote File Systems (Pre).
[[0;32m  OK  [0m] Reached target Remote File Systems.
         Starting LSB: automatic crash report generation...
         Starting Permit User Sessions...
         Starting LSB: daemon to balance interrupts for SMP systems...
         Starting LSB: Set the CPU Frequency Scaling governor to "ondemand"...
[[0;32m  OK  [0m] Started LSB: Record successful boot for GRUB.
[[0;32m  OK  [0m] Started LSB: MD monitoring daemon.
[[0;32m  OK  [0m] Started Permit User Sessions.
[[0;32m  OK  [0m] Started Login Service.
[[0;32m  OK  [0m] Started Authenticate and Authorize Users to Run Privileged Tasks.
[[0;32m  OK  [0m] Started LXD - container startup/shutdown.
[[0;32m  OK  [0m] Started Accounts Service.
         Starting Terminate Plymouth Boot Screen...
         Starting Hold until boot process finishes up...
[[0;32m  OK  [0m] Started Virtualbox guest utils.
[[0;32m  OK  [0m] Started LSB: Set the CPU Frequency Scaling governor to "ondemand".
[[0;32m  OK  [0m] Started Terminate Plymouth Boot Screen.
[[0;32m  OK  [0m] Started Hold until boot process finishes up.
[[0;32m  OK  [0m] Started LSB: automatic crash report generation.
         Starting Set console scheme...
[[0;32m  OK  [0m] Started Serial Getty on ttyS0.
[[0;32m  OK  [0m] Started Getty on tty1.
[[0;32m  OK  [0m] Reached target Login Prompts.
[[0;32m  OK  [0m] Started LSB: daemon to balance interrupts for SMP systems.
[[0;32m  OK  [0m] Started Set console scheme.
[[0;32m  OK  [0m] Started Snappy daemon.
         Starting Wait until snapd is fully seeded...
[[0;32m  OK  [0m] Started Pollinate to seed the pseudo random number generator.
         Starting OpenBSD Secure Shell server...
[[0;32m  OK  [0m] Started OpenBSD Secure Shell server.
[[0;32m  OK  [0m] Created slice User Slice of vagrant.
         Starting User Manager for UID 1000...
[[0;32m  OK  [0m] Started Session 1 of user vagrant.
[[0;32m  OK  [0m] Started User Manager for UID 1000.
[[0;32m  OK  [0m] Started Wait until snapd is fully seeded.
[[0;32m  OK  [0m] Reached target Multi-User System.
[[0;32m  OK  [0m] Reached target Graphical Interface.
         Starting Update UTMP about System Runlevel Changes...
         Starting Apply the settings specified in cloud-config...
[[0;32m  OK  [0m] Started Update UTMP about System Runlevel Changes.
[   15.503141] cloud-init[1354]: Generating locales (this might take a while)...
[   17.064827] cloud-init[1354]:   en_US.UTF-8... done
[   17.072679] cloud-init[1354]: Generation complete.
         Stopping User Manager for UID 1000...
[[0;32m  OK  [0m] Stopped User Manager for UID 1000.
[[0;32m  OK  [0m] Removed slice User Slice of vagrant.
[[0;32m  OK  [0m] Created slice User Slice of vagrant.
         Starting User Manager for UID 1000...
[[0;32m  OK  [0m] Started Session 2 of user vagrant.
[[0;32m  OK  [0m] Started User Manager for UID 1000.
[   17.961012] cloud-init[1354]: Cloud-init v. 18.5-45-g3554ffe8-0ubuntu1~16.04.1 running 'modules:config' at Mon, 13 May 2019 15:16:56 +0000. Up 15.14 seconds.
[[0;32m  OK  [0m] Started Apply the settings specified in cloud-config.
         Starting Execute cloud user/final scripts...
ci-info: no authorized ssh keys fingerprints found for user ubuntu.
<14>May 13 15:17:00 ec2: 
<14>May 13 15:17:00 ec2: #############################################################
<14>May 13 15:17:00 ec2: -----BEGIN SSH HOST KEY FINGERPRINTS-----
<14>May 13 15:17:00 ec2: 1024 SHA256:WpkroKv2ArxEfF80MxZTC0C2DwKOiKDKesalux5Fc94 root@ubuntu-xenial (DSA)
<14>May 13 15:17:00 ec2: 256 SHA256:4j663BEgyKXFl+jraKwNfst8MmdaevMBC1e2a9k0yz8 root@ubuntu-xenial (ECDSA)
<14>May 13 15:17:00 ec2: 256 SHA256:2F6OoIlYn4jqdNFMMuFcKmNBnMCDlc5LLXoUoeojzL4 root@ubuntu-xenial (ED25519)
<14>May 13 15:17:00 ec2: 2048 SHA256:z3JnYULSsQinULzceZ96UG8BqMmF65i2T2rKfM9vEAA root@ubuntu-xenial (RSA)
<14>May 13 15:17:00 ec2: -----END SSH HOST KEY FINGERPRINTS-----
<14>May 13 15:17:00 ec2: #############################################################
-----BEGIN SSH HOST KEY KEYS-----
ecdsa-sha2-nistp256 AAAAE2VjZHNhLXNoYTItbmlzdHAyNTYAAAAIbmlzdHAyNTYAAABBBGwkj2Ot3KOy6/SjuID5HDJMq8xf+m6YqU3K35Q4ToJ5fshg1wFVdlhCMbsC8MY6V/7an/aJeV0wP/8DTOCAT6I= root@ubuntu-xenial
ssh-ed25519 AAAAC3NzaC1lZDI1NTE5AAAAIM4oJL0cJR88Ab9DhjNWSxExYcahT7KO+j1T/kN/TVeb root@ubuntu-xenial
ssh-rsa AAAAB3NzaC1yc2EAAAADAQABAAABAQDLQDN+WajMNSZSErVybLTgQeuRLICZPAjXTOCr4TERmrUhxrDGrQFI3fgJLj1MU2esYgWlko9QAe9zGsPtPc1NHsAvtQTuzdv4uLbRjzlIFjIR1tX0GDEeUKf3Rh1um9WUkhGuEI4WKSfY7QQIn4lCT6SJGyEJkZBuGOJ68RU0DNic1ijqXCzILEd6yYU6cQ+FTg13XZ8r8Gn9AISBLJGfDl2mky5kjio5PD6EzueGHAlB63zpSybKcJbhwSEQrFuymwLYHnb38K+VEBu2NbtXB3j7foT+KGXGxTCiFPygXBynMGXwZe7c8OQClJ1DSkC90qZjxoyM6jhZa79wvOYT root@ubuntu-xenial
-----END SSH HOST KEY KEYS-----
[   19.134935] cloud-init[1593]: Cloud-init v. 18.5-45-g3554ffe8-0ubuntu1~16.04.1 running 'modules:final' at Mon, 13 May 2019 15:17:00 +0000. Up 18.62 seconds.
[   19.135340] cloud-init[1593]: ci-info: no authorized ssh keys fingerprints found for user ubuntu.
[   19.135579] cloud-init[1593]: Cloud-init v. 18.5-45-g3554ffe8-0ubuntu1~16.04.1 finished at Mon, 13 May 2019 15:17:00 +0000. Datasource DataSourceNoCloud [seed=/dev/sdb][dsmode=net].  Up 19.10 seconds

Ubuntu 16.04.6 LTS ubuntu-xenial ttyS0

ubuntu-xenial login: 